ERROR
ERROR
WARNING
INFO
SSH
FAILED LOGIN
SUCCESS LOGIN
Linux
Docker
Python
ERROR
ERROR
WARNING
INFO
SSH
FAILED LOGIN
SUCCESS LOGIN
Linux
Docker
Python
ERROR
ERROR
WARNING
INFO
SSH
FAILED LOGIN
SUCCESS LOGIN
Linux
Docker
Python
ERROR
ERROR
WARNING
INFO
SSH
FAILED LOGIN
SUCCESS LOGIN
Linux
Docker
Python
ERROR
ERROR
WARNING
INFO
SSH
FAILED LOGIN
SUCCESS LOGIN
Linux
Docker
Python
ERROR
ERROR
WARNING
INFO
SSH
FAILED LOGIN
SUCCESS LOGIN
Linux
Docker
Python
INFO
SSH
FAILED LOGIN
SUCCESS LOGIN
Linux
Docker
Python
ERROR
ERROR
WARNING
INFO
SSH
FAILED LOGIN
SUCCESS LOGIN
Linux
Docker
Python
ERROR
ERROR
WARNING
INFO
SSH
FAILED LOGIN
SUCCESS LOGIN
Linux
Docker
Python
INFO
SSH
FAILED LOGIN
SUCCESS LOGIN
Linux
Docker
Python
ERROR
ERROR
WARNING
INFO
SSH
FAILED LOGIN
SUCCESS LOGIN
Linux
Docker
Python
ERROR
ERROR
WARNING
INFO
SSH
FAILED LOGIN
SUCCESS LOGIN
Linux
Docker
Python

